Traceback (most recent call last):
  File "/opt/homebrew/Caskroom/miniconda/base/envs/jupyter-book/lib/python3.10/site-packages/jupyter_cache/executors/utils.py", line 58, in single_nb_execution
    executenb(
  File "/opt/homebrew/Caskroom/miniconda/base/envs/jupyter-book/lib/python3.10/site-packages/nbclient/client.py", line 1305, in execute
    return NotebookClient(nb=nb, resources=resources, km=km, **kwargs).execute()
  File "/opt/homebrew/Caskroom/miniconda/base/envs/jupyter-book/lib/python3.10/site-packages/jupyter_core/utils/__init__.py", line 165, in wrapped
    return loop.run_until_complete(inner)
  File "/opt/homebrew/Caskroom/miniconda/base/envs/jupyter-book/lib/python3.10/asyncio/base_events.py", line 649, in run_until_complete
    return future.result()
  File "/opt/homebrew/Caskroom/miniconda/base/envs/jupyter-book/lib/python3.10/site-packages/nbclient/client.py", line 705, in async_execute
    await self.async_execute_cell(
  File "/opt/homebrew/Caskroom/miniconda/base/envs/jupyter-book/lib/python3.10/site-packages/nbclient/client.py", line 1058, in async_execute_cell
    await self._check_raise_for_error(cell, cell_index, exec_reply)
  File "/opt/homebrew/Caskroom/miniconda/base/envs/jupyter-book/lib/python3.10/site-packages/nbclient/client.py", line 914, in _check_raise_for_error
    raise CellExecutionError.from_cell_and_msg(cell, exec_reply_content)
nbclient.exceptions.CellExecutionError: An error occurred while executing the following cell:
------------------
import pandas as pd

datos = {
    'Objeto': ['M31', 'M33', 'NGC104', 'NGC6752'],
    'Tipo': ['Galaxia', 'Galaxia', 'Cúmulo', 'Cúmulo'],
    'Distancia_kpc': [780, 850, 4.5, 4.0],
    'Masa_Msol': [1e12, 5e10, np.nan, 2e5] # Notemos un dato faltante (NaN)
}
df = pd.DataFrame(datos)

print('El DF completo es:\n', df)
print('\n'+'-'*10+'\n')
print('El DF filtrado es:')
# Filtrar solo galaxias
galaxias = df[df['Tipo'] == 'Galaxia']
print(galaxias)
------------------


[0;31m---------------------------------------------------------------------------[0m
[0;31mModuleNotFoundError[0m                       Traceback (most recent call last)
Cell [0;32mIn[3], line 1[0m
[0;32m----> 1[0m [38;5;28;01mimport[39;00m[38;5;250m [39m[38;5;21;01mpandas[39;00m[38;5;250m [39m[38;5;28;01mas[39;00m[38;5;250m [39m[38;5;21;01mpd[39;00m
[1;32m      3[0m datos [38;5;241m=[39m {
[1;32m      4[0m     [38;5;124m'[39m[38;5;124mObjeto[39m[38;5;124m'[39m: [[38;5;124m'[39m[38;5;124mM31[39m[38;5;124m'[39m, [38;5;124m'[39m[38;5;124mM33[39m[38;5;124m'[39m, [38;5;124m'[39m[38;5;124mNGC104[39m[38;5;124m'[39m, [38;5;124m'[39m[38;5;124mNGC6752[39m[38;5;124m'[39m],
[1;32m      5[0m     [38;5;124m'[39m[38;5;124mTipo[39m[38;5;124m'[39m: [[38;5;124m'[39m[38;5;124mGalaxia[39m[38;5;124m'[39m, [38;5;124m'[39m[38;5;124mGalaxia[39m[38;5;124m'[39m, [38;5;124m'[39m[38;5;124mCúmulo[39m[38;5;124m'[39m, [38;5;124m'[39m[38;5;124mCúmulo[39m[38;5;124m'[39m],
[1;32m      6[0m     [38;5;124m'[39m[38;5;124mDistancia_kpc[39m[38;5;124m'[39m: [[38;5;241m780[39m, [38;5;241m850[39m, [38;5;241m4.5[39m, [38;5;241m4.0[39m],
[1;32m      7[0m     [38;5;124m'[39m[38;5;124mMasa_Msol[39m[38;5;124m'[39m: [[38;5;241m1e12[39m, [38;5;241m5e10[39m, np[38;5;241m.[39mnan, [38;5;241m2e5[39m] [38;5;66;03m# Notemos un dato faltante (NaN)[39;00m
[1;32m      8[0m }
[1;32m      9[0m df [38;5;241m=[39m pd[38;5;241m.[39mDataFrame(datos)

[0;31mModuleNotFoundError[0m: No module named 'pandas'

