Traceback (most recent call last):
  File "/opt/homebrew/Caskroom/miniconda/base/envs/jupyter-book/lib/python3.10/site-packages/jupyter_cache/executors/utils.py", line 58, in single_nb_execution
    executenb(
  File "/opt/homebrew/Caskroom/miniconda/base/envs/jupyter-book/lib/python3.10/site-packages/nbclient/client.py", line 1305, in execute
    return NotebookClient(nb=nb, resources=resources, km=km, **kwargs).execute()
  File "/opt/homebrew/Caskroom/miniconda/base/envs/jupyter-book/lib/python3.10/site-packages/jupyter_core/utils/__init__.py", line 165, in wrapped
    return loop.run_until_complete(inner)
  File "/opt/homebrew/Caskroom/miniconda/base/envs/jupyter-book/lib/python3.10/asyncio/base_events.py", line 649, in run_until_complete
    return future.result()
  File "/opt/homebrew/Caskroom/miniconda/base/envs/jupyter-book/lib/python3.10/site-packages/nbclient/client.py", line 705, in async_execute
    await self.async_execute_cell(
  File "/opt/homebrew/Caskroom/miniconda/base/envs/jupyter-book/lib/python3.10/site-packages/nbclient/client.py", line 1058, in async_execute_cell
    await self._check_raise_for_error(cell, cell_index, exec_reply)
  File "/opt/homebrew/Caskroom/miniconda/base/envs/jupyter-book/lib/python3.10/site-packages/nbclient/client.py", line 914, in _check_raise_for_error
    raise CellExecutionError.from_cell_and_msg(cell, exec_reply_content)
nbclient.exceptions.CellExecutionError: An error occurred while executing the following cell:
------------------
from tensorflow import keras

model = keras.Sequential([
    keras.layers.Input(shape=(X_train.shape[1],)),  # Input layer with number of features
    keras.layers.Dense(64, activation='relu'),      # Hidden layer with 64 neurons and ReLU activation
    keras.layers.Dense(len(label_encoder.classes_), activation='softmax') # Output layer with 'num_classes' neurons and softmax activation
])

model.compile(optimizer='adam',
              loss='sparse_categorical_crossentropy',
              metrics=['accuracy'])

model.summary()
------------------


[0;31m---------------------------------------------------------------------------[0m
[0;31mModuleNotFoundError[0m                       Traceback (most recent call last)
Cell [0;32mIn[8], line 1[0m
[0;32m----> 1[0m [38;5;28;01mfrom[39;00m[38;5;250m [39m[38;5;21;01mtensorflow[39;00m[38;5;250m [39m[38;5;28;01mimport[39;00m keras
[1;32m      3[0m model [38;5;241m=[39m keras[38;5;241m.[39mSequential([
[1;32m      4[0m     keras[38;5;241m.[39mlayers[38;5;241m.[39mInput(shape[38;5;241m=[39m(X_train[38;5;241m.[39mshape[[38;5;241m1[39m],)),  [38;5;66;03m# Input layer with number of features[39;00m
[1;32m      5[0m     keras[38;5;241m.[39mlayers[38;5;241m.[39mDense([38;5;241m64[39m, activation[38;5;241m=[39m[38;5;124m'[39m[38;5;124mrelu[39m[38;5;124m'[39m),      [38;5;66;03m# Hidden layer with 64 neurons and ReLU activation[39;00m
[1;32m      6[0m     keras[38;5;241m.[39mlayers[38;5;241m.[39mDense([38;5;28mlen[39m(label_encoder[38;5;241m.[39mclasses_), activation[38;5;241m=[39m[38;5;124m'[39m[38;5;124msoftmax[39m[38;5;124m'[39m) [38;5;66;03m# Output layer with 'num_classes' neurons and softmax activation[39;00m
[1;32m      7[0m ])
[1;32m      9[0m model[38;5;241m.[39mcompile(optimizer[38;5;241m=[39m[38;5;124m'[39m[38;5;124madam[39m[38;5;124m'[39m,
[1;32m     10[0m               loss[38;5;241m=[39m[38;5;124m'[39m[38;5;124msparse_categorical_crossentropy[39m[38;5;124m'[39m,
[1;32m     11[0m               metrics[38;5;241m=[39m[[38;5;124m'[39m[38;5;124maccuracy[39m[38;5;124m'[39m])

[0;31mModuleNotFoundError[0m: No module named 'tensorflow'

