Traceback (most recent call last):
  File "/opt/homebrew/Caskroom/miniconda/base/envs/jupyter-book/lib/python3.10/site-packages/jupyter_cache/executors/utils.py", line 58, in single_nb_execution
    executenb(
  File "/opt/homebrew/Caskroom/miniconda/base/envs/jupyter-book/lib/python3.10/site-packages/nbclient/client.py", line 1305, in execute
    return NotebookClient(nb=nb, resources=resources, km=km, **kwargs).execute()
  File "/opt/homebrew/Caskroom/miniconda/base/envs/jupyter-book/lib/python3.10/site-packages/jupyter_core/utils/__init__.py", line 165, in wrapped
    return loop.run_until_complete(inner)
  File "/opt/homebrew/Caskroom/miniconda/base/envs/jupyter-book/lib/python3.10/asyncio/base_events.py", line 649, in run_until_complete
    return future.result()
  File "/opt/homebrew/Caskroom/miniconda/base/envs/jupyter-book/lib/python3.10/site-packages/nbclient/client.py", line 705, in async_execute
    await self.async_execute_cell(
  File "/opt/homebrew/Caskroom/miniconda/base/envs/jupyter-book/lib/python3.10/site-packages/nbclient/client.py", line 1058, in async_execute_cell
    await self._check_raise_for_error(cell, cell_index, exec_reply)
  File "/opt/homebrew/Caskroom/miniconda/base/envs/jupyter-book/lib/python3.10/site-packages/nbclient/client.py", line 914, in _check_raise_for_error
    raise CellExecutionError.from_cell_and_msg(cell, exec_reply_content)
nbclient.exceptions.CellExecutionError: An error occurred while executing the following cell:
------------------
import seaborn as sns

feature_names = X.columns

# The absolute value of weights indicates importance for linear models
feature_importance = pd.Series(np.abs(weights), index=feature_names)

# Sort the features by importance in descending order
feature_importance_sorted = feature_importance.sort_values(ascending=False)

print("Feature Importances (Absolute Weights):")
print(feature_importance_sorted)

plt.figure(figsize=(12, 7))
sns.barplot(x=feature_importance_sorted.values, y=feature_importance_sorted.index, palette='viridis')
plt.title('SVM Feature Importance (Absolute Weights)')
plt.xlabel('Absolute Weight Magnitude')
plt.ylabel('Features')
plt.grid(axis='x', linestyle='--', alpha=0.7)
plt.tight_layout()
plt.show()
------------------


[0;31m---------------------------------------------------------------------------[0m
[0;31mModuleNotFoundError[0m                       Traceback (most recent call last)
Cell [0;32mIn[13], line 1[0m
[0;32m----> 1[0m [38;5;28;01mimport[39;00m[38;5;250m [39m[38;5;21;01mseaborn[39;00m[38;5;250m [39m[38;5;28;01mas[39;00m[38;5;250m [39m[38;5;21;01msns[39;00m
[1;32m      3[0m feature_names [38;5;241m=[39m X[38;5;241m.[39mcolumns
[1;32m      5[0m [38;5;66;03m# The absolute value of weights indicates importance for linear models[39;00m

[0;31mModuleNotFoundError[0m: No module named 'seaborn'

