Traceback (most recent call last):
  File "/Users/esteban/anaconda3/lib/python3.9/site-packages/jupyter_cache/executors/utils.py", line 58, in single_nb_execution
    executenb(
  File "/Users/esteban/anaconda3/lib/python3.9/site-packages/nbclient/client.py", line 1204, in execute
    return NotebookClient(nb=nb, resources=resources, km=km, **kwargs).execute()
  File "/Users/esteban/anaconda3/lib/python3.9/site-packages/nbclient/util.py", line 84, in wrapped
    return just_run(coro(*args, **kwargs))
  File "/Users/esteban/anaconda3/lib/python3.9/site-packages/nbclient/util.py", line 62, in just_run
    return loop.run_until_complete(coro)
  File "/Users/esteban/anaconda3/lib/python3.9/asyncio/base_events.py", line 647, in run_until_complete
    return future.result()
  File "/Users/esteban/anaconda3/lib/python3.9/site-packages/nbclient/client.py", line 663, in async_execute
    await self.async_execute_cell(
  File "/Users/esteban/anaconda3/lib/python3.9/site-packages/nbclient/client.py", line 965, in async_execute_cell
    await self._check_raise_for_error(cell, cell_index, exec_reply)
  File "/Users/esteban/anaconda3/lib/python3.9/site-packages/nbclient/client.py", line 862, in _check_raise_for_error
    raise CellExecutionError.from_cell_and_msg(cell, exec_reply_content)
nbclient.exceptions.CellExecutionError: An error occurred while executing the following cell:
------------------
import astropy.units as u

lambda_uv = 91.2 * u.nm

# Con equivalencies=u.spectral() Astropy usa E = h * c / lambda
frecuencia = lambda_uv.to(u.GHz, equivalencies=u.spectral())
energia = lambda_uv.to(u.eV, equivalencies=u.spectral())
numero_de_onda = lambda_uv.to(u.cm**-1, equivalencies=u.spectral())

print(f"Longitud de onda: {lambda_verde}")
print(f"Frecuencia: {frecuencia:.2f}")
print(f"Energía: {energia:.2e}")
print(f"Número de onda (lambda^-1): {numero_de_onda:.2f}")

------------------

[0;31m---------------------------------------------------------------------------[0m
[0;31mNameError[0m                                 Traceback (most recent call last)
Input [0;32mIn [3][0m, in [0;36m<cell line: 10>[0;34m()[0m
[1;32m      7[0m energia [38;5;241m=[39m lambda_uv[38;5;241m.[39mto(u[38;5;241m.[39meV, equivalencies[38;5;241m=[39mu[38;5;241m.[39mspectral())
[1;32m      8[0m numero_de_onda [38;5;241m=[39m lambda_uv[38;5;241m.[39mto(u[38;5;241m.[39mcm[38;5;241m*[39m[38;5;241m*[39m[38;5;241m-[39m[38;5;241m1[39m, equivalencies[38;5;241m=[39mu[38;5;241m.[39mspectral())
[0;32m---> 10[0m [38;5;28mprint[39m([38;5;124mf[39m[38;5;124m"[39m[38;5;124mLongitud de onda: [39m[38;5;132;01m{[39;00mlambda_verde[38;5;132;01m}[39;00m[38;5;124m"[39m)
[1;32m     11[0m [38;5;28mprint[39m([38;5;124mf[39m[38;5;124m"[39m[38;5;124mFrecuencia: [39m[38;5;132;01m{[39;00mfrecuencia[38;5;132;01m:[39;00m[38;5;124m.2f[39m[38;5;132;01m}[39;00m[38;5;124m"[39m)
[1;32m     12[0m [38;5;28mprint[39m([38;5;124mf[39m[38;5;124m"[39m[38;5;124mEnergía: [39m[38;5;132;01m{[39;00menergia[38;5;132;01m:[39;00m[38;5;124m.2e[39m[38;5;132;01m}[39;00m[38;5;124m"[39m)

[0;31mNameError[0m: name 'lambda_verde' is not defined
NameError: name 'lambda_verde' is not defined

