Traceback (most recent call last):
  File "/opt/homebrew/Caskroom/miniconda/base/envs/jupyter-book-legacy/lib/python3.10/site-packages/jupyter_cache/executors/utils.py", line 58, in single_nb_execution
    executenb(
  File "/opt/homebrew/Caskroom/miniconda/base/envs/jupyter-book-legacy/lib/python3.10/site-packages/nbclient/client.py", line 1305, in execute
    return NotebookClient(nb=nb, resources=resources, km=km, **kwargs).execute()
  File "/opt/homebrew/Caskroom/miniconda/base/envs/jupyter-book-legacy/lib/python3.10/site-packages/jupyter_core/utils/__init__.py", line 165, in wrapped
    return loop.run_until_complete(inner)
  File "/opt/homebrew/Caskroom/miniconda/base/envs/jupyter-book-legacy/lib/python3.10/asyncio/base_events.py", line 649, in run_until_complete
    return future.result()
  File "/opt/homebrew/Caskroom/miniconda/base/envs/jupyter-book-legacy/lib/python3.10/site-packages/nbclient/client.py", line 705, in async_execute
    await self.async_execute_cell(
  File "/opt/homebrew/Caskroom/miniconda/base/envs/jupyter-book-legacy/lib/python3.10/site-packages/nbclient/client.py", line 1058, in async_execute_cell
    await self._check_raise_for_error(cell, cell_index, exec_reply)
  File "/opt/homebrew/Caskroom/miniconda/base/envs/jupyter-book-legacy/lib/python3.10/site-packages/nbclient/client.py", line 914, in _check_raise_for_error
    raise CellExecutionError.from_cell_and_msg(cell, exec_reply_content)
nbclient.exceptions.CellExecutionError: An error occurred while executing the following cell:
------------------
import numpy as np

# Supongamos que tenemos distancias estelares en parsecs (pc)
distancias_pc = np.array([1.3, 5.0, 12.4, 20.1, 100.5])

# Queremos convertirlas a años luz. En lugar de un 'for', multiplicamos todo el array
distancias_ly = distancias_pc * 3.26156

print("Distancias en Años Luz:", distancias_ly)
------------------


[0;31m---------------------------------------------------------------------------[0m
[0;31mModuleNotFoundError[0m                       Traceback (most recent call last)
Cell [0;32mIn[1], line 1[0m
[0;32m----> 1[0m [38;5;28;01mimport[39;00m[38;5;250m [39m[38;5;21;01mnumpy[39;00m[38;5;250m [39m[38;5;28;01mas[39;00m[38;5;250m [39m[38;5;21;01mnp[39;00m
[1;32m      3[0m [38;5;66;03m# Supongamos que tenemos distancias estelares en parsecs (pc)[39;00m
[1;32m      4[0m distancias_pc [38;5;241m=[39m np[38;5;241m.[39marray([[38;5;241m1.3[39m, [38;5;241m5.0[39m, [38;5;241m12.4[39m, [38;5;241m20.1[39m, [38;5;241m100.5[39m])

[0;31mModuleNotFoundError[0m: No module named 'numpy'

